hts8,declaredValueUSD,countryCode,expectedAmountUSD,notes
42029290,10000,VN,1807.14,"Handbags: 17.6% ad valorem + MPF + HMF"
64039990,10000,VN,3797.14,"Footwear: 37.5% ad valorem + fees"
85171200,10000,VN,47.14,"Smartphones: duty-free, fees only"
84713001,10000,VN,47.14,"Portable computers: duty-free, fees only"
94036080,10000,CA,47.14,"Wood furniture: duty-free for Canada, fees only"
